ARM GAS  C:\Users\keega\AppData\Local\Temp\ccY8mTaX.s 			page 1


   1              		.syntax unified
   2              		.cpu cortex-m0
   3              		.fpu softvfp
   4              		.eabi_attribute 20, 1
   5              		.eabi_attribute 21, 1
   6              		.eabi_attribute 23, 3
   7              		.eabi_attribute 24, 1
   8              		.eabi_attribute 25, 1
   9              		.eabi_attribute 26, 1
  10              		.eabi_attribute 30, 1
  11              		.eabi_attribute 34, 0
  12              		.eabi_attribute 18, 4
  13              		.thumb
  14              		.syntax unified
  15              		.file	"cyfitter_cfg.c"
  16              		.text
  17              	.Ltext0:
  18              		.cfi_sections	.debug_frame
  19              		.section	.text.AnalogSetDefault,"ax",%progbits
  20              		.align	2
  21              		.code	16
  22              		.thumb_func
  23              		.type	AnalogSetDefault, %function
  24              	AnalogSetDefault:
  25              	.LFB5:
  26              		.file 1 "Generated_Source\\PSoC4\\cyfitter_cfg.c"
   1:Generated_Source\PSoC4/cyfitter_cfg.c **** 
   2:Generated_Source\PSoC4/cyfitter_cfg.c **** /*******************************************************************************
   3:Generated_Source\PSoC4/cyfitter_cfg.c **** * File Name: cyfitter_cfg.c
   4:Generated_Source\PSoC4/cyfitter_cfg.c **** * 
   5:Generated_Source\PSoC4/cyfitter_cfg.c **** * PSoC Creator  4.4
   6:Generated_Source\PSoC4/cyfitter_cfg.c **** *
   7:Generated_Source\PSoC4/cyfitter_cfg.c **** * Description:
   8:Generated_Source\PSoC4/cyfitter_cfg.c **** * This file contains device initialization code.
   9:Generated_Source\PSoC4/cyfitter_cfg.c **** * Except for the user defined sections in CyClockStartupError(), this file should not be modified.
  10:Generated_Source\PSoC4/cyfitter_cfg.c **** * This file is automatically generated by PSoC Creator.
  11:Generated_Source\PSoC4/cyfitter_cfg.c **** *
  12:Generated_Source\PSoC4/cyfitter_cfg.c **** ********************************************************************************
  13:Generated_Source\PSoC4/cyfitter_cfg.c **** * Copyright (c) 2007-2020 Cypress Semiconductor.  All rights reserved.
  14:Generated_Source\PSoC4/cyfitter_cfg.c **** * You may use this file only in accordance with the license, terms, conditions, 
  15:Generated_Source\PSoC4/cyfitter_cfg.c **** * disclaimers, and limitations in the end user license agreement accompanying 
  16:Generated_Source\PSoC4/cyfitter_cfg.c **** * the software package with which this file was provided.
  17:Generated_Source\PSoC4/cyfitter_cfg.c **** ********************************************************************************/
  18:Generated_Source\PSoC4/cyfitter_cfg.c **** 
  19:Generated_Source\PSoC4/cyfitter_cfg.c **** #include <string.h>
  20:Generated_Source\PSoC4/cyfitter_cfg.c **** #include "cytypes.h"
  21:Generated_Source\PSoC4/cyfitter_cfg.c **** #include "cydevice_trm.h"
  22:Generated_Source\PSoC4/cyfitter_cfg.c **** #include "cyfitter.h"
  23:Generated_Source\PSoC4/cyfitter_cfg.c **** #include "CyLib.h"
  24:Generated_Source\PSoC4/cyfitter_cfg.c **** #include "CyLFClk.h"
  25:Generated_Source\PSoC4/cyfitter_cfg.c **** #include "cyfitter_cfg.h"
  26:Generated_Source\PSoC4/cyfitter_cfg.c **** #include "cyapicallbacks.h"
  27:Generated_Source\PSoC4/cyfitter_cfg.c **** 
  28:Generated_Source\PSoC4/cyfitter_cfg.c **** 
  29:Generated_Source\PSoC4/cyfitter_cfg.c **** #if defined(__GNUC__) || defined(__ARMCC_VERSION)
  30:Generated_Source\PSoC4/cyfitter_cfg.c ****     #define CYPACKED 
  31:Generated_Source\PSoC4/cyfitter_cfg.c ****     #define CYPACKED_ATTR __attribute__ ((packed))
ARM GAS  C:\Users\keega\AppData\Local\Temp\ccY8mTaX.s 			page 2


  32:Generated_Source\PSoC4/cyfitter_cfg.c ****     #define CYALIGNED __attribute__ ((aligned))
  33:Generated_Source\PSoC4/cyfitter_cfg.c ****     #define CY_CFG_UNUSED __attribute__ ((unused))
  34:Generated_Source\PSoC4/cyfitter_cfg.c ****     #ifndef CY_CFG_SECTION
  35:Generated_Source\PSoC4/cyfitter_cfg.c ****         #define CY_CFG_SECTION __attribute__ ((section(".psocinit")))
  36:Generated_Source\PSoC4/cyfitter_cfg.c ****     #endif
  37:Generated_Source\PSoC4/cyfitter_cfg.c ****     
  38:Generated_Source\PSoC4/cyfitter_cfg.c ****     #if defined(__ARMCC_VERSION)
  39:Generated_Source\PSoC4/cyfitter_cfg.c ****         #define CY_CFG_MEMORY_BARRIER() __memory_changed()
  40:Generated_Source\PSoC4/cyfitter_cfg.c ****     #else
  41:Generated_Source\PSoC4/cyfitter_cfg.c ****         #define CY_CFG_MEMORY_BARRIER() __sync_synchronize()
  42:Generated_Source\PSoC4/cyfitter_cfg.c ****     #endif
  43:Generated_Source\PSoC4/cyfitter_cfg.c ****     
  44:Generated_Source\PSoC4/cyfitter_cfg.c **** #elif defined(__ICCARM__)
  45:Generated_Source\PSoC4/cyfitter_cfg.c ****     #include <intrinsics.h>
  46:Generated_Source\PSoC4/cyfitter_cfg.c **** 
  47:Generated_Source\PSoC4/cyfitter_cfg.c ****     #define CYPACKED __packed
  48:Generated_Source\PSoC4/cyfitter_cfg.c ****     #define CYPACKED_ATTR 
  49:Generated_Source\PSoC4/cyfitter_cfg.c ****     #define CYALIGNED _Pragma("data_alignment=4")
  50:Generated_Source\PSoC4/cyfitter_cfg.c ****     #define CY_CFG_UNUSED _Pragma("diag_suppress=Pe177")
  51:Generated_Source\PSoC4/cyfitter_cfg.c ****     #define CY_CFG_SECTION _Pragma("location=\".psocinit\"")
  52:Generated_Source\PSoC4/cyfitter_cfg.c ****     
  53:Generated_Source\PSoC4/cyfitter_cfg.c ****     #define CY_CFG_MEMORY_BARRIER() __DMB()
  54:Generated_Source\PSoC4/cyfitter_cfg.c ****     
  55:Generated_Source\PSoC4/cyfitter_cfg.c **** #else
  56:Generated_Source\PSoC4/cyfitter_cfg.c ****     #error Unsupported toolchain
  57:Generated_Source\PSoC4/cyfitter_cfg.c **** #endif
  58:Generated_Source\PSoC4/cyfitter_cfg.c **** 
  59:Generated_Source\PSoC4/cyfitter_cfg.c **** #ifndef CYCODE
  60:Generated_Source\PSoC4/cyfitter_cfg.c ****     #define CYCODE
  61:Generated_Source\PSoC4/cyfitter_cfg.c **** #endif
  62:Generated_Source\PSoC4/cyfitter_cfg.c **** #ifndef CYDATA
  63:Generated_Source\PSoC4/cyfitter_cfg.c ****     #define CYDATA
  64:Generated_Source\PSoC4/cyfitter_cfg.c **** #endif
  65:Generated_Source\PSoC4/cyfitter_cfg.c **** #ifndef CYFAR
  66:Generated_Source\PSoC4/cyfitter_cfg.c ****     #define CYFAR
  67:Generated_Source\PSoC4/cyfitter_cfg.c **** #endif
  68:Generated_Source\PSoC4/cyfitter_cfg.c **** #ifndef CYXDATA
  69:Generated_Source\PSoC4/cyfitter_cfg.c ****     #define CYXDATA
  70:Generated_Source\PSoC4/cyfitter_cfg.c **** #endif
  71:Generated_Source\PSoC4/cyfitter_cfg.c **** 
  72:Generated_Source\PSoC4/cyfitter_cfg.c **** 
  73:Generated_Source\PSoC4/cyfitter_cfg.c **** CY_CFG_UNUSED
  74:Generated_Source\PSoC4/cyfitter_cfg.c **** static void CYMEMZERO(void *s, size_t n);
  75:Generated_Source\PSoC4/cyfitter_cfg.c **** CY_CFG_UNUSED
  76:Generated_Source\PSoC4/cyfitter_cfg.c **** static void CYMEMZERO(void *s, size_t n)
  77:Generated_Source\PSoC4/cyfitter_cfg.c **** {
  78:Generated_Source\PSoC4/cyfitter_cfg.c **** 	(void)memset(s, 0, n);
  79:Generated_Source\PSoC4/cyfitter_cfg.c **** }
  80:Generated_Source\PSoC4/cyfitter_cfg.c **** CY_CFG_UNUSED
  81:Generated_Source\PSoC4/cyfitter_cfg.c **** static void CYCONFIGCPY(void *dest, const void *src, size_t n);
  82:Generated_Source\PSoC4/cyfitter_cfg.c **** CY_CFG_UNUSED
  83:Generated_Source\PSoC4/cyfitter_cfg.c **** static void CYCONFIGCPY(void *dest, const void *src, size_t n)
  84:Generated_Source\PSoC4/cyfitter_cfg.c **** {
  85:Generated_Source\PSoC4/cyfitter_cfg.c **** 	(void)memcpy(dest, src, n);
  86:Generated_Source\PSoC4/cyfitter_cfg.c **** }
  87:Generated_Source\PSoC4/cyfitter_cfg.c **** CY_CFG_UNUSED
  88:Generated_Source\PSoC4/cyfitter_cfg.c **** static void CYCONFIGCPYCODE(void *dest, const void *src, size_t n);
ARM GAS  C:\Users\keega\AppData\Local\Temp\ccY8mTaX.s 			page 3


  89:Generated_Source\PSoC4/cyfitter_cfg.c **** CY_CFG_UNUSED
  90:Generated_Source\PSoC4/cyfitter_cfg.c **** static void CYCONFIGCPYCODE(void *dest, const void *src, size_t n)
  91:Generated_Source\PSoC4/cyfitter_cfg.c **** {
  92:Generated_Source\PSoC4/cyfitter_cfg.c **** 	(void)memcpy(dest, src, n);
  93:Generated_Source\PSoC4/cyfitter_cfg.c **** }
  94:Generated_Source\PSoC4/cyfitter_cfg.c **** 
  95:Generated_Source\PSoC4/cyfitter_cfg.c **** 
  96:Generated_Source\PSoC4/cyfitter_cfg.c **** 
  97:Generated_Source\PSoC4/cyfitter_cfg.c **** 
  98:Generated_Source\PSoC4/cyfitter_cfg.c **** /* Clock startup error codes                                                   */
  99:Generated_Source\PSoC4/cyfitter_cfg.c **** #define CYCLOCKSTART_NO_ERROR    0u
 100:Generated_Source\PSoC4/cyfitter_cfg.c **** #define CYCLOCKSTART_XTAL_ERROR  1u
 101:Generated_Source\PSoC4/cyfitter_cfg.c **** #define CYCLOCKSTART_32KHZ_ERROR 2u
 102:Generated_Source\PSoC4/cyfitter_cfg.c **** #define CYCLOCKSTART_PLL_ERROR   3u
 103:Generated_Source\PSoC4/cyfitter_cfg.c **** #define CYCLOCKSTART_FLL_ERROR   4u
 104:Generated_Source\PSoC4/cyfitter_cfg.c **** #define CYCLOCKSTART_WCO_ERROR   5u
 105:Generated_Source\PSoC4/cyfitter_cfg.c **** 
 106:Generated_Source\PSoC4/cyfitter_cfg.c **** 
 107:Generated_Source\PSoC4/cyfitter_cfg.c **** #ifdef CY_NEED_CYCLOCKSTARTUPERROR
 108:Generated_Source\PSoC4/cyfitter_cfg.c **** /*******************************************************************************
 109:Generated_Source\PSoC4/cyfitter_cfg.c **** * Function Name: CyClockStartupError
 110:Generated_Source\PSoC4/cyfitter_cfg.c **** ********************************************************************************
 111:Generated_Source\PSoC4/cyfitter_cfg.c **** * Summary:
 112:Generated_Source\PSoC4/cyfitter_cfg.c **** *  If an error is encountered during clock configuration (crystal startup error,
 113:Generated_Source\PSoC4/cyfitter_cfg.c **** *  PLL lock error, etc.), the system will end up here.  Unless reimplemented by
 114:Generated_Source\PSoC4/cyfitter_cfg.c **** *  the customer, this function will stop in an infinite loop.
 115:Generated_Source\PSoC4/cyfitter_cfg.c **** *
 116:Generated_Source\PSoC4/cyfitter_cfg.c **** * Parameters:
 117:Generated_Source\PSoC4/cyfitter_cfg.c **** *   void
 118:Generated_Source\PSoC4/cyfitter_cfg.c **** *
 119:Generated_Source\PSoC4/cyfitter_cfg.c **** * Return:
 120:Generated_Source\PSoC4/cyfitter_cfg.c **** *   void
 121:Generated_Source\PSoC4/cyfitter_cfg.c **** *
 122:Generated_Source\PSoC4/cyfitter_cfg.c **** *******************************************************************************/
 123:Generated_Source\PSoC4/cyfitter_cfg.c **** CY_CFG_UNUSED
 124:Generated_Source\PSoC4/cyfitter_cfg.c **** static void CyClockStartupError(uint8 errorCode);
 125:Generated_Source\PSoC4/cyfitter_cfg.c **** CY_CFG_UNUSED
 126:Generated_Source\PSoC4/cyfitter_cfg.c **** static void CyClockStartupError(uint8 errorCode)
 127:Generated_Source\PSoC4/cyfitter_cfg.c **** {
 128:Generated_Source\PSoC4/cyfitter_cfg.c ****     /* To remove the compiler warning if errorCode not used.                */
 129:Generated_Source\PSoC4/cyfitter_cfg.c ****     errorCode = errorCode;
 130:Generated_Source\PSoC4/cyfitter_cfg.c **** 
 131:Generated_Source\PSoC4/cyfitter_cfg.c ****     /* If we have a clock startup error (bad MHz crystal, PLL lock, etc.),  */
 132:Generated_Source\PSoC4/cyfitter_cfg.c ****     /* we will end up here to allow the customer to implement something to  */
 133:Generated_Source\PSoC4/cyfitter_cfg.c ****     /* deal with the clock condition.                                       */
 134:Generated_Source\PSoC4/cyfitter_cfg.c **** 
 135:Generated_Source\PSoC4/cyfitter_cfg.c **** #ifdef CY_CFG_CLOCK_STARTUP_ERROR_CALLBACK
 136:Generated_Source\PSoC4/cyfitter_cfg.c ****     CY_CFG_Clock_Startup_ErrorCallback();
 137:Generated_Source\PSoC4/cyfitter_cfg.c **** #else
 138:Generated_Source\PSoC4/cyfitter_cfg.c ****     /*  If not using CY_CFG_CLOCK_STARTUP_ERROR_CALLBACK, place your clock startup code here. */
 139:Generated_Source\PSoC4/cyfitter_cfg.c ****     /* `#START CyClockStartupError` */
 140:Generated_Source\PSoC4/cyfitter_cfg.c **** 
 141:Generated_Source\PSoC4/cyfitter_cfg.c **** 
 142:Generated_Source\PSoC4/cyfitter_cfg.c **** 
 143:Generated_Source\PSoC4/cyfitter_cfg.c ****     /* `#END` */
 144:Generated_Source\PSoC4/cyfitter_cfg.c **** 
 145:Generated_Source\PSoC4/cyfitter_cfg.c ****     while(1) {}
ARM GAS  C:\Users\keega\AppData\Local\Temp\ccY8mTaX.s 			page 4


 146:Generated_Source\PSoC4/cyfitter_cfg.c **** #endif /* CY_CFG_CLOCK_STARTUP_ERROR_CALLBACK */
 147:Generated_Source\PSoC4/cyfitter_cfg.c **** }
 148:Generated_Source\PSoC4/cyfitter_cfg.c **** #endif
 149:Generated_Source\PSoC4/cyfitter_cfg.c **** 
 150:Generated_Source\PSoC4/cyfitter_cfg.c **** 
 151:Generated_Source\PSoC4/cyfitter_cfg.c **** 
 152:Generated_Source\PSoC4/cyfitter_cfg.c **** /*******************************************************************************
 153:Generated_Source\PSoC4/cyfitter_cfg.c **** * Function Name: ClockSetup
 154:Generated_Source\PSoC4/cyfitter_cfg.c **** ********************************************************************************
 155:Generated_Source\PSoC4/cyfitter_cfg.c **** *
 156:Generated_Source\PSoC4/cyfitter_cfg.c **** * Summary:
 157:Generated_Source\PSoC4/cyfitter_cfg.c **** *   Performs the initialization of all of the clocks in the device based on the
 158:Generated_Source\PSoC4/cyfitter_cfg.c **** *   settings in the Clock tab of the DWR.  This includes enabling the requested
 159:Generated_Source\PSoC4/cyfitter_cfg.c **** *   clocks and setting the necessary dividers to produce the desired frequency. 
 160:Generated_Source\PSoC4/cyfitter_cfg.c **** *
 161:Generated_Source\PSoC4/cyfitter_cfg.c **** * Parameters:
 162:Generated_Source\PSoC4/cyfitter_cfg.c **** *   void
 163:Generated_Source\PSoC4/cyfitter_cfg.c **** *
 164:Generated_Source\PSoC4/cyfitter_cfg.c **** * Return:
 165:Generated_Source\PSoC4/cyfitter_cfg.c **** *   void
 166:Generated_Source\PSoC4/cyfitter_cfg.c **** *
 167:Generated_Source\PSoC4/cyfitter_cfg.c **** *******************************************************************************/
 168:Generated_Source\PSoC4/cyfitter_cfg.c **** static void ClockSetup(void);
 169:Generated_Source\PSoC4/cyfitter_cfg.c **** CY_CFG_SECTION
 170:Generated_Source\PSoC4/cyfitter_cfg.c **** static void ClockSetup(void)
 171:Generated_Source\PSoC4/cyfitter_cfg.c **** {
 172:Generated_Source\PSoC4/cyfitter_cfg.c **** 
 173:Generated_Source\PSoC4/cyfitter_cfg.c **** 	/* Set Flash Cycles based on max possible frequency in case a glitch occurs during ClockSetup(). *
 174:Generated_Source\PSoC4/cyfitter_cfg.c **** 	CY_SET_REG32((void CYXDATA *)(CYREG_CPUSS_FLASH_CTL), (0x0012u));
 175:Generated_Source\PSoC4/cyfitter_cfg.c **** 	/* Setup and trim IMO based on desired frequency. */
 176:Generated_Source\PSoC4/cyfitter_cfg.c **** 	CySysClkWriteImoFreq(48u);
 177:Generated_Source\PSoC4/cyfitter_cfg.c **** 	/* CYDEV_CLK_ILO_CONFIG Starting address: CYDEV_CLK_ILO_CONFIG */
 178:Generated_Source\PSoC4/cyfitter_cfg.c **** 	CY_SET_REG32((void *)(CYREG_CLK_ILO_CONFIG), 0x80000006u);
 179:Generated_Source\PSoC4/cyfitter_cfg.c **** 
 180:Generated_Source\PSoC4/cyfitter_cfg.c **** 
 181:Generated_Source\PSoC4/cyfitter_cfg.c **** 	/* Setup phase aligned clocks */
 182:Generated_Source\PSoC4/cyfitter_cfg.c **** 	CY_SET_REG32((void *)CYREG_PERI_DIV_16_CTL0, 0x0001A000u);
 183:Generated_Source\PSoC4/cyfitter_cfg.c **** 	CY_SET_REG32((void *)CYREG_PERI_DIV_CMD, 0x8000FF40u);
 184:Generated_Source\PSoC4/cyfitter_cfg.c **** 
 185:Generated_Source\PSoC4/cyfitter_cfg.c **** 	/* CYDEV_CLK_IMO_CONFIG Starting address: CYDEV_CLK_IMO_CONFIG */
 186:Generated_Source\PSoC4/cyfitter_cfg.c **** 	CY_SET_REG32((void *)(CYREG_CLK_IMO_CONFIG), 0x80000000u);
 187:Generated_Source\PSoC4/cyfitter_cfg.c **** 
 188:Generated_Source\PSoC4/cyfitter_cfg.c **** 	/* CYDEV_CLK_SELECT Starting address: CYDEV_CLK_SELECT */
 189:Generated_Source\PSoC4/cyfitter_cfg.c **** 	CY_SET_REG32((void *)(CYREG_CLK_SELECT), 0x00040000u);
 190:Generated_Source\PSoC4/cyfitter_cfg.c **** 
 191:Generated_Source\PSoC4/cyfitter_cfg.c **** 	/* CYDEV_PERI_PCLK_CTL5 Starting address: CYDEV_PERI_PCLK_CTL5 */
 192:Generated_Source\PSoC4/cyfitter_cfg.c **** 	CY_SET_REG32((void *)(CYREG_PERI_PCLK_CTL5), 0x00000040u);
 193:Generated_Source\PSoC4/cyfitter_cfg.c **** 
 194:Generated_Source\PSoC4/cyfitter_cfg.c **** 	(void)CyIntSetVector(7u, &CySysWdtIsr);
 195:Generated_Source\PSoC4/cyfitter_cfg.c **** 	CyIntEnable(7u);
 196:Generated_Source\PSoC4/cyfitter_cfg.c **** 	CY_SET_REG32((void *)(CYREG_WDT_CONFIG), 0x00000000u);
 197:Generated_Source\PSoC4/cyfitter_cfg.c **** }
 198:Generated_Source\PSoC4/cyfitter_cfg.c **** 
 199:Generated_Source\PSoC4/cyfitter_cfg.c **** 
 200:Generated_Source\PSoC4/cyfitter_cfg.c **** /* Analog API Functions */
 201:Generated_Source\PSoC4/cyfitter_cfg.c **** 
 202:Generated_Source\PSoC4/cyfitter_cfg.c **** 
ARM GAS  C:\Users\keega\AppData\Local\Temp\ccY8mTaX.s 			page 5


 203:Generated_Source\PSoC4/cyfitter_cfg.c **** /*******************************************************************************
 204:Generated_Source\PSoC4/cyfitter_cfg.c **** * Function Name: AnalogSetDefault
 205:Generated_Source\PSoC4/cyfitter_cfg.c **** ********************************************************************************
 206:Generated_Source\PSoC4/cyfitter_cfg.c **** *
 207:Generated_Source\PSoC4/cyfitter_cfg.c **** * Summary:
 208:Generated_Source\PSoC4/cyfitter_cfg.c **** *  Sets up the analog portions of the chip to default values based on chip
 209:Generated_Source\PSoC4/cyfitter_cfg.c **** *  configuration options from the project.
 210:Generated_Source\PSoC4/cyfitter_cfg.c **** *
 211:Generated_Source\PSoC4/cyfitter_cfg.c **** * Parameters:
 212:Generated_Source\PSoC4/cyfitter_cfg.c **** *  void
 213:Generated_Source\PSoC4/cyfitter_cfg.c **** *
 214:Generated_Source\PSoC4/cyfitter_cfg.c **** * Return:
 215:Generated_Source\PSoC4/cyfitter_cfg.c **** *  void
 216:Generated_Source\PSoC4/cyfitter_cfg.c **** *
 217:Generated_Source\PSoC4/cyfitter_cfg.c **** *******************************************************************************/
 218:Generated_Source\PSoC4/cyfitter_cfg.c **** static void AnalogSetDefault(void);
 219:Generated_Source\PSoC4/cyfitter_cfg.c **** static void AnalogSetDefault(void)
 220:Generated_Source\PSoC4/cyfitter_cfg.c **** {
  27              		.loc 1 220 0
  28              		.cfi_startproc
  29              		@ args = 0, pretend = 0, frame = 0
  30              		@ frame_needed = 0, uses_anonymous_args = 0
  31              		@ link register save eliminated.
 221:Generated_Source\PSoC4/cyfitter_cfg.c **** 	CY_SET_XTND_REG32((void CYFAR *)CYREG_CTBM0_DFT_CTRL, 0x00000003u);
  32              		.loc 1 221 0
  33 0000 0323     		movs	r3, #3
  34 0002 044A     		ldr	r2, .L2
  35 0004 1360     		str	r3, [r2]
 222:Generated_Source\PSoC4/cyfitter_cfg.c **** 	CY_SET_XTND_REG32((void CYFAR *)CYREG_CTBM1_DFT_CTRL, 0x00000003u);
  36              		.loc 1 222 0
  37 0006 044A     		ldr	r2, .L2+4
  38 0008 1360     		str	r3, [r2]
 223:Generated_Source\PSoC4/cyfitter_cfg.c **** 	CY_SET_XTND_REG32((void CYFAR *)CYREG_PASS_DSAB_DSAB_CTRL, 0x00000000u);
  39              		.loc 1 223 0
  40 000a 0022     		movs	r2, #0
  41 000c 034B     		ldr	r3, .L2+8
  42 000e 1A60     		str	r2, [r3]
 224:Generated_Source\PSoC4/cyfitter_cfg.c **** }
  43              		.loc 1 224 0
  44              		@ sp needed
  45 0010 7047     		bx	lr
  46              	.L3:
  47 0012 C046     		.align	2
  48              	.L2:
  49 0014 30003040 		.word	1076887600
  50 0018 30003140 		.word	1076953136
  51 001c 000E3F40 		.word	1077874176
  52              		.cfi_endproc
  53              	.LFE5:
  54              		.size	AnalogSetDefault, .-AnalogSetDefault
  55              		.section	.text.CYMEMZERO,"ax",%progbits
  56              		.align	2
  57              		.code	16
  58              		.thumb_func
  59              		.type	CYMEMZERO, %function
  60              	CYMEMZERO:
  61              	.LFB1:
ARM GAS  C:\Users\keega\AppData\Local\Temp\ccY8mTaX.s 			page 6


  77:Generated_Source\PSoC4/cyfitter_cfg.c **** 	(void)memset(s, 0, n);
  62              		.loc 1 77 0
  63              		.cfi_startproc
  64              		@ args = 0, pretend = 0, frame = 0
  65              		@ frame_needed = 0, uses_anonymous_args = 0
  66              	.LVL0:
  67 0000 10B5     		push	{r4, lr}
  68              		.cfi_def_cfa_offset 8
  69              		.cfi_offset 4, -8
  70              		.cfi_offset 14, -4
  71 0002 0A00     		movs	r2, r1
  78:Generated_Source\PSoC4/cyfitter_cfg.c **** }
  72              		.loc 1 78 0
  73 0004 0021     		movs	r1, #0
  74              	.LVL1:
  75 0006 FFF7FEFF 		bl	memset
  76              	.LVL2:
  79:Generated_Source\PSoC4/cyfitter_cfg.c **** CY_CFG_UNUSED
  77              		.loc 1 79 0
  78              		@ sp needed
  79 000a 10BD     		pop	{r4, pc}
  80              		.cfi_endproc
  81              	.LFE1:
  82              		.size	CYMEMZERO, .-CYMEMZERO
  83              		.section	.psocinit,"ax",%progbits
  84              		.align	2
  85              		.code	16
  86              		.thumb_func
  87              		.type	ClockSetup, %function
  88              	ClockSetup:
  89              	.LFB4:
 171:Generated_Source\PSoC4/cyfitter_cfg.c **** 
  90              		.loc 1 171 0
  91              		.cfi_startproc
  92              		@ args = 0, pretend = 0, frame = 0
  93              		@ frame_needed = 0, uses_anonymous_args = 0
  94 0000 10B5     		push	{r4, lr}
  95              		.cfi_def_cfa_offset 8
  96              		.cfi_offset 4, -8
  97              		.cfi_offset 14, -4
 174:Generated_Source\PSoC4/cyfitter_cfg.c **** 	/* Setup and trim IMO based on desired frequency. */
  98              		.loc 1 174 0
  99 0002 1222     		movs	r2, #18
 100 0004 124B     		ldr	r3, .L6
 101 0006 1A60     		str	r2, [r3]
 176:Generated_Source\PSoC4/cyfitter_cfg.c **** 	/* CYDEV_CLK_ILO_CONFIG Starting address: CYDEV_CLK_ILO_CONFIG */
 102              		.loc 1 176 0
 103 0008 3020     		movs	r0, #48
 104 000a FFF7FEFF 		bl	CySysClkWriteImoFreq
 105              	.LVL3:
 178:Generated_Source\PSoC4/cyfitter_cfg.c **** 
 106              		.loc 1 178 0
 107 000e 114A     		ldr	r2, .L6+4
 108 0010 114B     		ldr	r3, .L6+8
 109 0012 1A60     		str	r2, [r3]
 182:Generated_Source\PSoC4/cyfitter_cfg.c **** 	CY_SET_REG32((void *)CYREG_PERI_DIV_CMD, 0x8000FF40u);
 110              		.loc 1 182 0
ARM GAS  C:\Users\keega\AppData\Local\Temp\ccY8mTaX.s 			page 7


 111 0014 D022     		movs	r2, #208
 112 0016 5202     		lsls	r2, r2, #9
 113 0018 104B     		ldr	r3, .L6+12
 114 001a 1A60     		str	r2, [r3]
 183:Generated_Source\PSoC4/cyfitter_cfg.c **** 
 115              		.loc 1 183 0
 116 001c 104A     		ldr	r2, .L6+16
 117 001e 114B     		ldr	r3, .L6+20
 118 0020 1A60     		str	r2, [r3]
 186:Generated_Source\PSoC4/cyfitter_cfg.c **** 
 119              		.loc 1 186 0
 120 0022 8022     		movs	r2, #128
 121 0024 1206     		lsls	r2, r2, #24
 122 0026 104B     		ldr	r3, .L6+24
 123 0028 1A60     		str	r2, [r3]
 189:Generated_Source\PSoC4/cyfitter_cfg.c **** 
 124              		.loc 1 189 0
 125 002a 8022     		movs	r2, #128
 126 002c D202     		lsls	r2, r2, #11
 127 002e 0F4B     		ldr	r3, .L6+28
 128 0030 1A60     		str	r2, [r3]
 192:Generated_Source\PSoC4/cyfitter_cfg.c **** 
 129              		.loc 1 192 0
 130 0032 4022     		movs	r2, #64
 131 0034 0E4B     		ldr	r3, .L6+32
 132 0036 1A60     		str	r2, [r3]
 194:Generated_Source\PSoC4/cyfitter_cfg.c **** 	CyIntEnable(7u);
 133              		.loc 1 194 0
 134 0038 0E49     		ldr	r1, .L6+36
 135 003a 0720     		movs	r0, #7
 136 003c FFF7FEFF 		bl	CyIntSetVector
 137              	.LVL4:
 195:Generated_Source\PSoC4/cyfitter_cfg.c **** 	CY_SET_REG32((void *)(CYREG_WDT_CONFIG), 0x00000000u);
 138              		.loc 1 195 0
 139 0040 0720     		movs	r0, #7
 140 0042 FFF7FEFF 		bl	CyIntEnable
 141              	.LVL5:
 196:Generated_Source\PSoC4/cyfitter_cfg.c **** }
 142              		.loc 1 196 0
 143 0046 0022     		movs	r2, #0
 144 0048 0B4B     		ldr	r3, .L6+40
 145 004a 1A60     		str	r2, [r3]
 197:Generated_Source\PSoC4/cyfitter_cfg.c **** 
 146              		.loc 1 197 0
 147              		@ sp needed
 148 004c 10BD     		pop	{r4, pc}
 149              	.L7:
 150 004e C046     		.align	2
 151              	.L6:
 152 0050 30001040 		.word	1074790448
 153 0054 06000080 		.word	-2147483642
 154 0058 04010B40 		.word	1074462980
 155 005c 00030140 		.word	1073808128
 156 0060 40FF0080 		.word	-2147418304
 157 0064 00000140 		.word	1073807360
 158 0068 08010B40 		.word	1074462984
 159 006c 00010B40 		.word	1074462976
ARM GAS  C:\Users\keega\AppData\Local\Temp\ccY8mTaX.s 			page 8


 160 0070 14010140 		.word	1073807636
 161 0074 00000000 		.word	CySysWdtIsr
 162 0078 0C020B40 		.word	1074463244
 163              		.cfi_endproc
 164              	.LFE4:
 165              		.size	ClockSetup, .-ClockSetup
 166              		.align	2
 167              		.global	cyfitter_cfg
 168              		.code	16
 169              		.thumb_func
 170              		.type	cyfitter_cfg, %function
 171              	cyfitter_cfg:
 172              	.LFB6:
 225:Generated_Source\PSoC4/cyfitter_cfg.c **** 
 226:Generated_Source\PSoC4/cyfitter_cfg.c **** 
 227:Generated_Source\PSoC4/cyfitter_cfg.c **** 
 228:Generated_Source\PSoC4/cyfitter_cfg.c **** 
 229:Generated_Source\PSoC4/cyfitter_cfg.c **** /*******************************************************************************
 230:Generated_Source\PSoC4/cyfitter_cfg.c **** * Function Name: cyfitter_cfg
 231:Generated_Source\PSoC4/cyfitter_cfg.c **** ********************************************************************************
 232:Generated_Source\PSoC4/cyfitter_cfg.c **** * Summary:
 233:Generated_Source\PSoC4/cyfitter_cfg.c **** *  This function is called by the start-up code for the selected device. It
 234:Generated_Source\PSoC4/cyfitter_cfg.c **** *  performs all of the necessary device configuration based on the design
 235:Generated_Source\PSoC4/cyfitter_cfg.c **** *  settings.  This includes settings from the Design Wide Resources (DWR) such
 236:Generated_Source\PSoC4/cyfitter_cfg.c **** *  as Clocks and Pins as well as any component configuration that is necessary.
 237:Generated_Source\PSoC4/cyfitter_cfg.c **** *
 238:Generated_Source\PSoC4/cyfitter_cfg.c **** * Parameters:
 239:Generated_Source\PSoC4/cyfitter_cfg.c **** *   void
 240:Generated_Source\PSoC4/cyfitter_cfg.c **** *
 241:Generated_Source\PSoC4/cyfitter_cfg.c **** * Return:
 242:Generated_Source\PSoC4/cyfitter_cfg.c **** *   void
 243:Generated_Source\PSoC4/cyfitter_cfg.c **** *
 244:Generated_Source\PSoC4/cyfitter_cfg.c **** *******************************************************************************/
 245:Generated_Source\PSoC4/cyfitter_cfg.c **** CY_CFG_SECTION
 246:Generated_Source\PSoC4/cyfitter_cfg.c **** void cyfitter_cfg(void)
 247:Generated_Source\PSoC4/cyfitter_cfg.c **** {
 173              		.loc 1 247 0
 174              		.cfi_startproc
 175              		@ args = 0, pretend = 0, frame = 0
 176              		@ frame_needed = 0, uses_anonymous_args = 0
 177 007c 10B5     		push	{r4, lr}
 178              		.cfi_def_cfa_offset 8
 179              		.cfi_offset 4, -8
 180              		.cfi_offset 14, -4
 248:Generated_Source\PSoC4/cyfitter_cfg.c **** 	/* Disable interrupts by default. Let user enable if/when they want. */
 249:Generated_Source\PSoC4/cyfitter_cfg.c **** 	CyGlobalIntDisable;
 181              		.loc 1 249 0
 182              		.syntax divided
 183              	@ 249 "Generated_Source\PSoC4\cyfitter_cfg.c" 1
 184 007e 72B6     		CPSID   i
 185              	@ 0 "" 2
 186              	.LVL6:
 187              		.thumb
 188              		.syntax unified
 189              	.LBB2:
 250:Generated_Source\PSoC4/cyfitter_cfg.c **** 
 251:Generated_Source\PSoC4/cyfitter_cfg.c **** 	{
ARM GAS  C:\Users\keega\AppData\Local\Temp\ccY8mTaX.s 			page 9


 252:Generated_Source\PSoC4/cyfitter_cfg.c **** 
 253:Generated_Source\PSoC4/cyfitter_cfg.c **** 		CYPACKED typedef struct {
 254:Generated_Source\PSoC4/cyfitter_cfg.c **** 			void CYFAR *address;
 255:Generated_Source\PSoC4/cyfitter_cfg.c **** 			uint16 size;
 256:Generated_Source\PSoC4/cyfitter_cfg.c **** 		} CYPACKED_ATTR cfg_memset_t;
 257:Generated_Source\PSoC4/cyfitter_cfg.c **** 
 258:Generated_Source\PSoC4/cyfitter_cfg.c **** 		static const cfg_memset_t CYCODE cfg_memset_list[] = {
 259:Generated_Source\PSoC4/cyfitter_cfg.c **** 			/* address, size */
 260:Generated_Source\PSoC4/cyfitter_cfg.c **** 			{(void CYFAR *)(CYDEV_UDB_P0_U0_BASE), 1024u},
 261:Generated_Source\PSoC4/cyfitter_cfg.c **** 			{(void CYFAR *)(CYDEV_UDB_DSI0_BASE), 1024u},
 262:Generated_Source\PSoC4/cyfitter_cfg.c **** 		};
 263:Generated_Source\PSoC4/cyfitter_cfg.c **** 
 264:Generated_Source\PSoC4/cyfitter_cfg.c **** 		uint8 CYDATA i;
 265:Generated_Source\PSoC4/cyfitter_cfg.c **** 
 266:Generated_Source\PSoC4/cyfitter_cfg.c **** 		/* Zero out critical memory blocks before beginning configuration */
 267:Generated_Source\PSoC4/cyfitter_cfg.c **** 		for (i = 0u; i < (sizeof(cfg_memset_list)/sizeof(cfg_memset_list[0])); i++)
 190              		.loc 1 267 0
 191 0080 0024     		movs	r4, #0
 192 0082 0FE0     		b	.L9
 193              	.LVL7:
 194              	.L10:
 195              	.LBB3:
 268:Generated_Source\PSoC4/cyfitter_cfg.c **** 		{
 269:Generated_Source\PSoC4/cyfitter_cfg.c **** 			const cfg_memset_t CYCODE * CYDATA ms = &cfg_memset_list[i];
 270:Generated_Source\PSoC4/cyfitter_cfg.c **** 			CYMEMZERO(ms->address, (size_t)(uint32)(ms->size));
 196              		.loc 1 270 0 discriminator 3
 197 0084 1948     		ldr	r0, .L11
 198 0086 6200     		lsls	r2, r4, #1
 199 0088 1319     		adds	r3, r2, r4
 200 008a 5900     		lsls	r1, r3, #1
 201 008c 0B00     		movs	r3, r1
 202 008e 4118     		adds	r1, r0, r1
 203 0090 8988     		ldrh	r1, [r1, #4]
 204 0092 1A5A     		ldrh	r2, [r3, r0]
 205 0094 C318     		adds	r3, r0, r3
 206 0096 5888     		ldrh	r0, [r3, #2]
 207 0098 0004     		lsls	r0, r0, #16
 208 009a 1043     		orrs	r0, r2
 209 009c FFF7FEFF 		bl	CYMEMZERO
 210              	.LVL8:
 211              	.LBE3:
 267:Generated_Source\PSoC4/cyfitter_cfg.c **** 		{
 212              		.loc 1 267 0 discriminator 3
 213 00a0 0134     		adds	r4, r4, #1
 214              	.LVL9:
 215 00a2 E4B2     		uxtb	r4, r4
 216              	.LVL10:
 217              	.L9:
 267:Generated_Source\PSoC4/cyfitter_cfg.c **** 		{
 218              		.loc 1 267 0 is_stmt 0 discriminator 1
 219 00a4 012C     		cmp	r4, #1
 220 00a6 EDD9     		bls	.L10
 271:Generated_Source\PSoC4/cyfitter_cfg.c **** 		}
 272:Generated_Source\PSoC4/cyfitter_cfg.c **** 
 273:Generated_Source\PSoC4/cyfitter_cfg.c **** 		/* HSIOM Starting address: CYDEV_HSIOM_BASE */
 274:Generated_Source\PSoC4/cyfitter_cfg.c **** 		CY_SET_REG32((void *)(CYREG_HSIOM_PORT_SEL3), 0x0000EE00u);
 221              		.loc 1 274 0 is_stmt 1
ARM GAS  C:\Users\keega\AppData\Local\Temp\ccY8mTaX.s 			page 10


 222 00a8 EE22     		movs	r2, #238
 223 00aa 1202     		lsls	r2, r2, #8
 224 00ac 104B     		ldr	r3, .L11+4
 225 00ae 1A60     		str	r2, [r3]
 275:Generated_Source\PSoC4/cyfitter_cfg.c **** 		CY_SET_REG32((void *)(CYREG_HSIOM_PORT_SEL7), 0x00000099u);
 226              		.loc 1 275 0
 227 00b0 9922     		movs	r2, #153
 228 00b2 104B     		ldr	r3, .L11+8
 229 00b4 1A60     		str	r2, [r3]
 276:Generated_Source\PSoC4/cyfitter_cfg.c **** 
 277:Generated_Source\PSoC4/cyfitter_cfg.c **** 		/* UDB_PA_3 Starting address: CYDEV_UDB_PA3_BASE */
 278:Generated_Source\PSoC4/cyfitter_cfg.c **** 		CY_SET_REG32((void *)(CYDEV_UDB_PA3_BASE), 0x00990000u);
 230              		.loc 1 278 0
 231 00b6 9922     		movs	r2, #153
 232 00b8 1204     		lsls	r2, r2, #16
 233 00ba 0F4B     		ldr	r3, .L11+12
 234 00bc 1A60     		str	r2, [r3]
 279:Generated_Source\PSoC4/cyfitter_cfg.c **** 
 280:Generated_Source\PSoC4/cyfitter_cfg.c **** 		/* Enable digital routing */
 281:Generated_Source\PSoC4/cyfitter_cfg.c **** 		CY_SET_XTND_REG8((void *)CYREG_UDB_UDBIF_BANK_CTL, (uint8)(CY_GET_XTND_REG8((void *)CYREG_UDB_UDB
 235              		.loc 1 281 0
 236 00be 0F4A     		ldr	r2, .L11+16
 237 00c0 1178     		ldrb	r1, [r2]
 238 00c2 0623     		movs	r3, #6
 239 00c4 0B43     		orrs	r3, r1
 240 00c6 DBB2     		uxtb	r3, r3
 241 00c8 1370     		strb	r3, [r2]
 242              	.LBE2:
 282:Generated_Source\PSoC4/cyfitter_cfg.c **** 	}
 283:Generated_Source\PSoC4/cyfitter_cfg.c **** 
 284:Generated_Source\PSoC4/cyfitter_cfg.c **** 	/* Perform second pass device configuration. These items must be configured in specific order afte
 285:Generated_Source\PSoC4/cyfitter_cfg.c **** 	/* IOPINS0_3 Starting address: CYDEV_GPIO_PRT3_BASE */
 286:Generated_Source\PSoC4/cyfitter_cfg.c **** 	CY_SET_REG32((void *)(CYREG_GPIO_PRT3_PC), 0x00000D80u);
 243              		.loc 1 286 0
 244 00ca D822     		movs	r2, #216
 245 00cc 1201     		lsls	r2, r2, #4
 246 00ce 0C4B     		ldr	r3, .L11+20
 247 00d0 1A60     		str	r2, [r3]
 287:Generated_Source\PSoC4/cyfitter_cfg.c **** 
 288:Generated_Source\PSoC4/cyfitter_cfg.c **** 	/* IOPINS0_7 Starting address: CYDEV_GPIO_PRT7_BASE */
 289:Generated_Source\PSoC4/cyfitter_cfg.c **** 	CY_SET_REG32((void *)(CYDEV_GPIO_PRT7_BASE), 0x00000002u);
 248              		.loc 1 289 0
 249 00d2 0223     		movs	r3, #2
 250 00d4 0B4A     		ldr	r2, .L11+24
 251 00d6 1360     		str	r3, [r2]
 290:Generated_Source\PSoC4/cyfitter_cfg.c **** 	CY_SET_REG32((void *)(CYREG_GPIO_PRT7_PC), 0x00000031u);
 252              		.loc 1 290 0
 253 00d8 3121     		movs	r1, #49
 254 00da 0B4A     		ldr	r2, .L11+28
 255 00dc 1160     		str	r1, [r2]
 291:Generated_Source\PSoC4/cyfitter_cfg.c **** 	CY_SET_REG32((void *)(CYREG_GPIO_PRT7_PC2), 0x00000002u);
 256              		.loc 1 291 0
 257 00de 0B4A     		ldr	r2, .L11+32
 258 00e0 1360     		str	r3, [r2]
 292:Generated_Source\PSoC4/cyfitter_cfg.c **** 
 293:Generated_Source\PSoC4/cyfitter_cfg.c **** 
 294:Generated_Source\PSoC4/cyfitter_cfg.c **** 	/* Setup clocks based on selections from Clock DWR */
ARM GAS  C:\Users\keega\AppData\Local\Temp\ccY8mTaX.s 			page 11


 295:Generated_Source\PSoC4/cyfitter_cfg.c **** 	ClockSetup();
 259              		.loc 1 295 0
 260 00e2 FFF78DFF 		bl	ClockSetup
 261              	.LVL11:
 296:Generated_Source\PSoC4/cyfitter_cfg.c **** 
 297:Generated_Source\PSoC4/cyfitter_cfg.c **** 	/* Perform basic analog initialization to defaults */
 298:Generated_Source\PSoC4/cyfitter_cfg.c **** 	AnalogSetDefault();
 262              		.loc 1 298 0
 263 00e6 FFF7FEFF 		bl	AnalogSetDefault
 264              	.LVL12:
 299:Generated_Source\PSoC4/cyfitter_cfg.c **** 
 300:Generated_Source\PSoC4/cyfitter_cfg.c **** }
 265              		.loc 1 300 0
 266              		@ sp needed
 267              	.LVL13:
 268 00ea 10BD     		pop	{r4, pc}
 269              	.L12:
 270              		.align	2
 271              	.L11:
 272 00ec 00000000 		.word	.LANCHOR0
 273 00f0 00030240 		.word	1073873664
 274 00f4 00070240 		.word	1073874688
 275 00f8 30500F40 		.word	1074745392
 276 00fc 00700F40 		.word	1074753536
 277 0100 08030440 		.word	1074004744
 278 0104 00070440 		.word	1074005760
 279 0108 08070440 		.word	1074005768
 280 010c 18070440 		.word	1074005784
 281              		.cfi_endproc
 282              	.LFE6:
 283              		.size	cyfitter_cfg, .-cyfitter_cfg
 284              		.section	.rodata
 285              		.align	2
 286              		.set	.LANCHOR0,. + 0
 287              		.type	cfg_memset_list.4888, %object
 288              		.size	cfg_memset_list.4888, 12
 289              	cfg_memset_list.4888:
 290 0000 00300F40 		.word	1074737152
 291 0004 0004     		.short	1024
 292 0006 00400F40 		.4byte	1074741248
 293 000a 0004     		.short	1024
 294              		.text
 295              	.Letext0:
 296              		.file 2 "c:\\program files (x86)\\cypress\\psoc creator\\4.4\\psoc creator\\import\\gnu\\arm\\5.4.
 297              		.file 3 "Generated_Source\\PSoC4\\cytypes.h"
 298              		.file 4 "Generated_Source\\PSoC4\\CyLib.h"
 299              		.section	.debug_info,"",%progbits
 300              	.Ldebug_info0:
 301 0000 91020000 		.4byte	0x291
 302 0004 0400     		.2byte	0x4
 303 0006 00000000 		.4byte	.Ldebug_abbrev0
 304 000a 04       		.byte	0x4
 305 000b 01       		.uleb128 0x1
 306 000c 50010000 		.4byte	.LASF29
 307 0010 0C       		.byte	0xc
 308 0011 47020000 		.4byte	.LASF30
 309 0015 5B000000 		.4byte	.LASF31
ARM GAS  C:\Users\keega\AppData\Local\Temp\ccY8mTaX.s 			page 12


 310 0019 00000000 		.4byte	.Ldebug_ranges0+0
 311 001d 00000000 		.4byte	0
 312 0021 00000000 		.4byte	.Ldebug_line0
 313 0025 02       		.uleb128 0x2
 314 0026 04       		.byte	0x4
 315 0027 05       		.byte	0x5
 316 0028 696E7400 		.ascii	"int\000"
 317 002c 03       		.uleb128 0x3
 318 002d 06000000 		.4byte	.LASF12
 319 0031 02       		.byte	0x2
 320 0032 D8       		.byte	0xd8
 321 0033 37000000 		.4byte	0x37
 322 0037 04       		.uleb128 0x4
 323 0038 04       		.byte	0x4
 324 0039 07       		.byte	0x7
 325 003a 17010000 		.4byte	.LASF0
 326 003e 04       		.uleb128 0x4
 327 003f 08       		.byte	0x8
 328 0040 05       		.byte	0x5
 329 0041 F4010000 		.4byte	.LASF1
 330 0045 04       		.uleb128 0x4
 331 0046 08       		.byte	0x8
 332 0047 04       		.byte	0x4
 333 0048 2F020000 		.4byte	.LASF2
 334 004c 04       		.uleb128 0x4
 335 004d 01       		.byte	0x1
 336 004e 06       		.byte	0x6
 337 004f 3B020000 		.4byte	.LASF3
 338 0053 04       		.uleb128 0x4
 339 0054 01       		.byte	0x1
 340 0055 08       		.byte	0x8
 341 0056 E1000000 		.4byte	.LASF4
 342 005a 04       		.uleb128 0x4
 343 005b 02       		.byte	0x2
 344 005c 05       		.byte	0x5
 345 005d 07020000 		.4byte	.LASF5
 346 0061 04       		.uleb128 0x4
 347 0062 02       		.byte	0x2
 348 0063 07       		.byte	0x7
 349 0064 48000000 		.4byte	.LASF6
 350 0068 04       		.uleb128 0x4
 351 0069 04       		.byte	0x4
 352 006a 05       		.byte	0x5
 353 006b 26020000 		.4byte	.LASF7
 354 006f 04       		.uleb128 0x4
 355 0070 04       		.byte	0x4
 356 0071 07       		.byte	0x7
 357 0072 BF000000 		.4byte	.LASF8
 358 0076 04       		.uleb128 0x4
 359 0077 08       		.byte	0x8
 360 0078 07       		.byte	0x7
 361 0079 39010000 		.4byte	.LASF9
 362 007d 04       		.uleb128 0x4
 363 007e 04       		.byte	0x4
 364 007f 07       		.byte	0x7
 365 0080 EB010000 		.4byte	.LASF10
 366 0084 05       		.uleb128 0x5
ARM GAS  C:\Users\keega\AppData\Local\Temp\ccY8mTaX.s 			page 13


 367 0085 04       		.byte	0x4
 368 0086 04       		.uleb128 0x4
 369 0087 01       		.byte	0x1
 370 0088 08       		.byte	0x8
 371 0089 02020000 		.4byte	.LASF11
 372 008d 06       		.uleb128 0x6
 373 008e D1000000 		.4byte	.LASF13
 374 0092 03       		.byte	0x3
 375 0093 FB01     		.2byte	0x1fb
 376 0095 53000000 		.4byte	0x53
 377 0099 06       		.uleb128 0x6
 378 009a 09010000 		.4byte	.LASF14
 379 009e 03       		.byte	0x3
 380 009f FC01     		.2byte	0x1fc
 381 00a1 61000000 		.4byte	0x61
 382 00a5 06       		.uleb128 0x6
 383 00a6 10010000 		.4byte	.LASF15
 384 00aa 03       		.byte	0x3
 385 00ab FD01     		.2byte	0x1fd
 386 00ad 6F000000 		.4byte	0x6f
 387 00b1 04       		.uleb128 0x4
 388 00b2 04       		.byte	0x4
 389 00b3 04       		.byte	0x4
 390 00b4 AF000000 		.4byte	.LASF16
 391 00b8 04       		.uleb128 0x4
 392 00b9 08       		.byte	0x8
 393 00ba 04       		.byte	0x4
 394 00bb F6000000 		.4byte	.LASF17
 395 00bf 06       		.uleb128 0x6
 396 00c0 BA000000 		.4byte	.LASF18
 397 00c4 03       		.byte	0x3
 398 00c5 A502     		.2byte	0x2a5
 399 00c7 CB000000 		.4byte	0xcb
 400 00cb 07       		.uleb128 0x7
 401 00cc 8D000000 		.4byte	0x8d
 402 00d0 06       		.uleb128 0x6
 403 00d1 00000000 		.4byte	.LASF19
 404 00d5 03       		.byte	0x3
 405 00d6 A702     		.2byte	0x2a7
 406 00d8 DC000000 		.4byte	0xdc
 407 00dc 07       		.uleb128 0x7
 408 00dd A5000000 		.4byte	0xa5
 409 00e1 08       		.uleb128 0x8
 410 00e2 0D000000 		.4byte	.LASF32
 411 00e6 01       		.byte	0x1
 412 00e7 DB       		.byte	0xdb
 413 00e8 00000000 		.4byte	.LFB5
 414 00ec 20000000 		.4byte	.LFE5-.LFB5
 415 00f0 01       		.uleb128 0x1
 416 00f1 9C       		.byte	0x9c
 417 00f2 09       		.uleb128 0x9
 418 00f3 D7000000 		.4byte	.LASF20
 419 00f7 01       		.byte	0x1
 420 00f8 4C       		.byte	0x4c
 421 00f9 00000000 		.4byte	.LFB1
 422 00fd 0C000000 		.4byte	.LFE1-.LFB1
 423 0101 01       		.uleb128 0x1
ARM GAS  C:\Users\keega\AppData\Local\Temp\ccY8mTaX.s 			page 14


 424 0102 9C       		.byte	0x9c
 425 0103 3F010000 		.4byte	0x13f
 426 0107 0A       		.uleb128 0xa
 427 0108 7300     		.ascii	"s\000"
 428 010a 01       		.byte	0x1
 429 010b 4C       		.byte	0x4c
 430 010c 84000000 		.4byte	0x84
 431 0110 00000000 		.4byte	.LLST0
 432 0114 0A       		.uleb128 0xa
 433 0115 6E00     		.ascii	"n\000"
 434 0117 01       		.byte	0x1
 435 0118 4C       		.byte	0x4c
 436 0119 2C000000 		.4byte	0x2c
 437 011d 21000000 		.4byte	.LLST1
 438 0121 0B       		.uleb128 0xb
 439 0122 0A000000 		.4byte	.LVL2
 440 0126 6A020000 		.4byte	0x26a
 441 012a 0C       		.uleb128 0xc
 442 012b 01       		.uleb128 0x1
 443 012c 50       		.byte	0x50
 444 012d 03       		.uleb128 0x3
 445 012e F3       		.byte	0xf3
 446 012f 01       		.uleb128 0x1
 447 0130 50       		.byte	0x50
 448 0131 0C       		.uleb128 0xc
 449 0132 01       		.uleb128 0x1
 450 0133 51       		.byte	0x51
 451 0134 01       		.uleb128 0x1
 452 0135 30       		.byte	0x30
 453 0136 0C       		.uleb128 0xc
 454 0137 01       		.uleb128 0x1
 455 0138 52       		.byte	0x52
 456 0139 03       		.uleb128 0x3
 457 013a F3       		.byte	0xf3
 458 013b 01       		.uleb128 0x1
 459 013c 51       		.byte	0x51
 460 013d 00       		.byte	0
 461 013e 00       		.byte	0
 462 013f 09       		.uleb128 0x9
 463 0140 3D000000 		.4byte	.LASF21
 464 0144 01       		.byte	0x1
 465 0145 AA       		.byte	0xaa
 466 0146 00000000 		.4byte	.LFB4
 467 014a 7C000000 		.4byte	.LFE4-.LFB4
 468 014e 01       		.uleb128 0x1
 469 014f 9C       		.byte	0x9c
 470 0150 8B010000 		.4byte	0x18b
 471 0154 0D       		.uleb128 0xd
 472 0155 0E000000 		.4byte	.LVL3
 473 0159 73020000 		.4byte	0x273
 474 015d 68010000 		.4byte	0x168
 475 0161 0C       		.uleb128 0xc
 476 0162 01       		.uleb128 0x1
 477 0163 50       		.byte	0x50
 478 0164 02       		.uleb128 0x2
 479 0165 08       		.byte	0x8
 480 0166 30       		.byte	0x30
ARM GAS  C:\Users\keega\AppData\Local\Temp\ccY8mTaX.s 			page 15


 481 0167 00       		.byte	0
 482 0168 0D       		.uleb128 0xd
 483 0169 40000000 		.4byte	.LVL4
 484 016d 7E020000 		.4byte	0x27e
 485 0171 7B010000 		.4byte	0x17b
 486 0175 0C       		.uleb128 0xc
 487 0176 01       		.uleb128 0x1
 488 0177 50       		.byte	0x50
 489 0178 01       		.uleb128 0x1
 490 0179 37       		.byte	0x37
 491 017a 00       		.byte	0
 492 017b 0B       		.uleb128 0xb
 493 017c 46000000 		.4byte	.LVL5
 494 0180 89020000 		.4byte	0x289
 495 0184 0C       		.uleb128 0xc
 496 0185 01       		.uleb128 0x1
 497 0186 50       		.byte	0x50
 498 0187 01       		.uleb128 0x1
 499 0188 37       		.byte	0x37
 500 0189 00       		.byte	0
 501 018a 00       		.byte	0
 502 018b 0E       		.uleb128 0xe
 503 018c 24010000 		.4byte	.LASF33
 504 0190 01       		.byte	0x1
 505 0191 F6       		.byte	0xf6
 506 0192 7C000000 		.4byte	.LFB6
 507 0196 94000000 		.4byte	.LFE6-.LFB6
 508 019a 01       		.uleb128 0x1
 509 019b 9C       		.byte	0x9c
 510 019c 6A020000 		.4byte	0x26a
 511 01a0 0F       		.uleb128 0xf
 512 01a1 80000000 		.4byte	.LBB2
 513 01a5 4A000000 		.4byte	.LBE2-.LBB2
 514 01a9 57020000 		.4byte	0x257
 515 01ad 10       		.uleb128 0x10
 516 01ae 06       		.byte	0x6
 517 01af 01       		.byte	0x1
 518 01b0 FD       		.byte	0xfd
 519 01b1 CE010000 		.4byte	0x1ce
 520 01b5 11       		.uleb128 0x11
 521 01b6 31010000 		.4byte	.LASF22
 522 01ba 01       		.byte	0x1
 523 01bb FE       		.byte	0xfe
 524 01bc 84000000 		.4byte	0x84
 525 01c0 00       		.byte	0
 526 01c1 11       		.uleb128 0x11
 527 01c2 B5000000 		.4byte	.LASF23
 528 01c6 01       		.byte	0x1
 529 01c7 FF       		.byte	0xff
 530 01c8 99000000 		.4byte	0x99
 531 01cc 04       		.byte	0x4
 532 01cd 00       		.byte	0
 533 01ce 06       		.uleb128 0x6
 534 01cf DE010000 		.4byte	.LASF24
 535 01d3 01       		.byte	0x1
 536 01d4 0001     		.2byte	0x100
 537 01d6 AD010000 		.4byte	0x1ad
ARM GAS  C:\Users\keega\AppData\Local\Temp\ccY8mTaX.s 			page 16


 538 01da 12       		.uleb128 0x12
 539 01db EA010000 		.4byte	0x1ea
 540 01df EA010000 		.4byte	0x1ea
 541 01e3 13       		.uleb128 0x13
 542 01e4 7D000000 		.4byte	0x7d
 543 01e8 01       		.byte	0x1
 544 01e9 00       		.byte	0
 545 01ea 14       		.uleb128 0x14
 546 01eb CE010000 		.4byte	0x1ce
 547 01ef 15       		.uleb128 0x15
 548 01f0 2D000000 		.4byte	.LASF25
 549 01f4 01       		.byte	0x1
 550 01f5 0201     		.2byte	0x102
 551 01f7 01020000 		.4byte	0x201
 552 01fb 05       		.uleb128 0x5
 553 01fc 03       		.byte	0x3
 554 01fd 00000000 		.4byte	cfg_memset_list.4888
 555 0201 14       		.uleb128 0x14
 556 0202 DA010000 		.4byte	0x1da
 557 0206 16       		.uleb128 0x16
 558 0207 6900     		.ascii	"i\000"
 559 0209 01       		.byte	0x1
 560 020a 0801     		.2byte	0x108
 561 020c 8D000000 		.4byte	0x8d
 562 0210 4D000000 		.4byte	.LLST2
 563 0214 17       		.uleb128 0x17
 564 0215 84000000 		.4byte	.LBB3
 565 0219 1C000000 		.4byte	.LBE3-.LBB3
 566 021d 16       		.uleb128 0x16
 567 021e 6D7300   		.ascii	"ms\000"
 568 0221 01       		.byte	0x1
 569 0222 0D01     		.2byte	0x10d
 570 0224 2C020000 		.4byte	0x22c
 571 0228 77000000 		.4byte	.LLST3
 572 022c 18       		.uleb128 0x18
 573 022d 04       		.byte	0x4
 574 022e EA010000 		.4byte	0x1ea
 575 0232 0B       		.uleb128 0xb
 576 0233 A0000000 		.4byte	.LVL8
 577 0237 F2000000 		.4byte	0xf2
 578 023b 0C       		.uleb128 0xc
 579 023c 01       		.uleb128 0x1
 580 023d 51       		.byte	0x51
 581 023e 15       		.uleb128 0x15
 582 023f 74       		.byte	0x74
 583 0240 00       		.sleb128 0
 584 0241 31       		.byte	0x31
 585 0242 24       		.byte	0x24
 586 0243 74       		.byte	0x74
 587 0244 00       		.sleb128 0
 588 0245 22       		.byte	0x22
 589 0246 31       		.byte	0x31
 590 0247 24       		.byte	0x24
 591 0248 03       		.byte	0x3
 592 0249 04000000 		.4byte	.LANCHOR0+4
 593 024d 22       		.byte	0x22
 594 024e 94       		.byte	0x94
ARM GAS  C:\Users\keega\AppData\Local\Temp\ccY8mTaX.s 			page 17


 595 024f 02       		.byte	0x2
 596 0250 0A       		.byte	0xa
 597 0251 FFFF     		.2byte	0xffff
 598 0253 1A       		.byte	0x1a
 599 0254 00       		.byte	0
 600 0255 00       		.byte	0
 601 0256 00       		.byte	0
 602 0257 19       		.uleb128 0x19
 603 0258 E6000000 		.4byte	.LVL11
 604 025c 3F010000 		.4byte	0x13f
 605 0260 19       		.uleb128 0x19
 606 0261 EA000000 		.4byte	.LVL12
 607 0265 E1000000 		.4byte	0xe1
 608 0269 00       		.byte	0
 609 026a 1A       		.uleb128 0x1a
 610 026b EF000000 		.4byte	.LASF34
 611 026f EF000000 		.4byte	.LASF34
 612 0273 1B       		.uleb128 0x1b
 613 0274 11020000 		.4byte	.LASF26
 614 0278 11020000 		.4byte	.LASF26
 615 027c 04       		.byte	0x4
 616 027d 6C       		.byte	0x6c
 617 027e 1B       		.uleb128 0x1b
 618 027f 1E000000 		.4byte	.LASF27
 619 0283 1E000000 		.4byte	.LASF27
 620 0287 04       		.byte	0x4
 621 0288 D0       		.byte	0xd0
 622 0289 1B       		.uleb128 0x1b
 623 028a FD000000 		.4byte	.LASF28
 624 028e FD000000 		.4byte	.LASF28
 625 0292 04       		.byte	0x4
 626 0293 D6       		.byte	0xd6
 627 0294 00       		.byte	0
 628              		.section	.debug_abbrev,"",%progbits
 629              	.Ldebug_abbrev0:
 630 0000 01       		.uleb128 0x1
 631 0001 11       		.uleb128 0x11
 632 0002 01       		.byte	0x1
 633 0003 25       		.uleb128 0x25
 634 0004 0E       		.uleb128 0xe
 635 0005 13       		.uleb128 0x13
 636 0006 0B       		.uleb128 0xb
 637 0007 03       		.uleb128 0x3
 638 0008 0E       		.uleb128 0xe
 639 0009 1B       		.uleb128 0x1b
 640 000a 0E       		.uleb128 0xe
 641 000b 55       		.uleb128 0x55
 642 000c 17       		.uleb128 0x17
 643 000d 11       		.uleb128 0x11
 644 000e 01       		.uleb128 0x1
 645 000f 10       		.uleb128 0x10
 646 0010 17       		.uleb128 0x17
 647 0011 00       		.byte	0
 648 0012 00       		.byte	0
 649 0013 02       		.uleb128 0x2
 650 0014 24       		.uleb128 0x24
 651 0015 00       		.byte	0
ARM GAS  C:\Users\keega\AppData\Local\Temp\ccY8mTaX.s 			page 18


 652 0016 0B       		.uleb128 0xb
 653 0017 0B       		.uleb128 0xb
 654 0018 3E       		.uleb128 0x3e
 655 0019 0B       		.uleb128 0xb
 656 001a 03       		.uleb128 0x3
 657 001b 08       		.uleb128 0x8
 658 001c 00       		.byte	0
 659 001d 00       		.byte	0
 660 001e 03       		.uleb128 0x3
 661 001f 16       		.uleb128 0x16
 662 0020 00       		.byte	0
 663 0021 03       		.uleb128 0x3
 664 0022 0E       		.uleb128 0xe
 665 0023 3A       		.uleb128 0x3a
 666 0024 0B       		.uleb128 0xb
 667 0025 3B       		.uleb128 0x3b
 668 0026 0B       		.uleb128 0xb
 669 0027 49       		.uleb128 0x49
 670 0028 13       		.uleb128 0x13
 671 0029 00       		.byte	0
 672 002a 00       		.byte	0
 673 002b 04       		.uleb128 0x4
 674 002c 24       		.uleb128 0x24
 675 002d 00       		.byte	0
 676 002e 0B       		.uleb128 0xb
 677 002f 0B       		.uleb128 0xb
 678 0030 3E       		.uleb128 0x3e
 679 0031 0B       		.uleb128 0xb
 680 0032 03       		.uleb128 0x3
 681 0033 0E       		.uleb128 0xe
 682 0034 00       		.byte	0
 683 0035 00       		.byte	0
 684 0036 05       		.uleb128 0x5
 685 0037 0F       		.uleb128 0xf
 686 0038 00       		.byte	0
 687 0039 0B       		.uleb128 0xb
 688 003a 0B       		.uleb128 0xb
 689 003b 00       		.byte	0
 690 003c 00       		.byte	0
 691 003d 06       		.uleb128 0x6
 692 003e 16       		.uleb128 0x16
 693 003f 00       		.byte	0
 694 0040 03       		.uleb128 0x3
 695 0041 0E       		.uleb128 0xe
 696 0042 3A       		.uleb128 0x3a
 697 0043 0B       		.uleb128 0xb
 698 0044 3B       		.uleb128 0x3b
 699 0045 05       		.uleb128 0x5
 700 0046 49       		.uleb128 0x49
 701 0047 13       		.uleb128 0x13
 702 0048 00       		.byte	0
 703 0049 00       		.byte	0
 704 004a 07       		.uleb128 0x7
 705 004b 35       		.uleb128 0x35
 706 004c 00       		.byte	0
 707 004d 49       		.uleb128 0x49
 708 004e 13       		.uleb128 0x13
ARM GAS  C:\Users\keega\AppData\Local\Temp\ccY8mTaX.s 			page 19


 709 004f 00       		.byte	0
 710 0050 00       		.byte	0
 711 0051 08       		.uleb128 0x8
 712 0052 2E       		.uleb128 0x2e
 713 0053 00       		.byte	0
 714 0054 03       		.uleb128 0x3
 715 0055 0E       		.uleb128 0xe
 716 0056 3A       		.uleb128 0x3a
 717 0057 0B       		.uleb128 0xb
 718 0058 3B       		.uleb128 0x3b
 719 0059 0B       		.uleb128 0xb
 720 005a 27       		.uleb128 0x27
 721 005b 19       		.uleb128 0x19
 722 005c 11       		.uleb128 0x11
 723 005d 01       		.uleb128 0x1
 724 005e 12       		.uleb128 0x12
 725 005f 06       		.uleb128 0x6
 726 0060 40       		.uleb128 0x40
 727 0061 18       		.uleb128 0x18
 728 0062 9742     		.uleb128 0x2117
 729 0064 19       		.uleb128 0x19
 730 0065 00       		.byte	0
 731 0066 00       		.byte	0
 732 0067 09       		.uleb128 0x9
 733 0068 2E       		.uleb128 0x2e
 734 0069 01       		.byte	0x1
 735 006a 03       		.uleb128 0x3
 736 006b 0E       		.uleb128 0xe
 737 006c 3A       		.uleb128 0x3a
 738 006d 0B       		.uleb128 0xb
 739 006e 3B       		.uleb128 0x3b
 740 006f 0B       		.uleb128 0xb
 741 0070 27       		.uleb128 0x27
 742 0071 19       		.uleb128 0x19
 743 0072 11       		.uleb128 0x11
 744 0073 01       		.uleb128 0x1
 745 0074 12       		.uleb128 0x12
 746 0075 06       		.uleb128 0x6
 747 0076 40       		.uleb128 0x40
 748 0077 18       		.uleb128 0x18
 749 0078 9742     		.uleb128 0x2117
 750 007a 19       		.uleb128 0x19
 751 007b 01       		.uleb128 0x1
 752 007c 13       		.uleb128 0x13
 753 007d 00       		.byte	0
 754 007e 00       		.byte	0
 755 007f 0A       		.uleb128 0xa
 756 0080 05       		.uleb128 0x5
 757 0081 00       		.byte	0
 758 0082 03       		.uleb128 0x3
 759 0083 08       		.uleb128 0x8
 760 0084 3A       		.uleb128 0x3a
 761 0085 0B       		.uleb128 0xb
 762 0086 3B       		.uleb128 0x3b
 763 0087 0B       		.uleb128 0xb
 764 0088 49       		.uleb128 0x49
 765 0089 13       		.uleb128 0x13
ARM GAS  C:\Users\keega\AppData\Local\Temp\ccY8mTaX.s 			page 20


 766 008a 02       		.uleb128 0x2
 767 008b 17       		.uleb128 0x17
 768 008c 00       		.byte	0
 769 008d 00       		.byte	0
 770 008e 0B       		.uleb128 0xb
 771 008f 898201   		.uleb128 0x4109
 772 0092 01       		.byte	0x1
 773 0093 11       		.uleb128 0x11
 774 0094 01       		.uleb128 0x1
 775 0095 31       		.uleb128 0x31
 776 0096 13       		.uleb128 0x13
 777 0097 00       		.byte	0
 778 0098 00       		.byte	0
 779 0099 0C       		.uleb128 0xc
 780 009a 8A8201   		.uleb128 0x410a
 781 009d 00       		.byte	0
 782 009e 02       		.uleb128 0x2
 783 009f 18       		.uleb128 0x18
 784 00a0 9142     		.uleb128 0x2111
 785 00a2 18       		.uleb128 0x18
 786 00a3 00       		.byte	0
 787 00a4 00       		.byte	0
 788 00a5 0D       		.uleb128 0xd
 789 00a6 898201   		.uleb128 0x4109
 790 00a9 01       		.byte	0x1
 791 00aa 11       		.uleb128 0x11
 792 00ab 01       		.uleb128 0x1
 793 00ac 31       		.uleb128 0x31
 794 00ad 13       		.uleb128 0x13
 795 00ae 01       		.uleb128 0x1
 796 00af 13       		.uleb128 0x13
 797 00b0 00       		.byte	0
 798 00b1 00       		.byte	0
 799 00b2 0E       		.uleb128 0xe
 800 00b3 2E       		.uleb128 0x2e
 801 00b4 01       		.byte	0x1
 802 00b5 3F       		.uleb128 0x3f
 803 00b6 19       		.uleb128 0x19
 804 00b7 03       		.uleb128 0x3
 805 00b8 0E       		.uleb128 0xe
 806 00b9 3A       		.uleb128 0x3a
 807 00ba 0B       		.uleb128 0xb
 808 00bb 3B       		.uleb128 0x3b
 809 00bc 0B       		.uleb128 0xb
 810 00bd 27       		.uleb128 0x27
 811 00be 19       		.uleb128 0x19
 812 00bf 11       		.uleb128 0x11
 813 00c0 01       		.uleb128 0x1
 814 00c1 12       		.uleb128 0x12
 815 00c2 06       		.uleb128 0x6
 816 00c3 40       		.uleb128 0x40
 817 00c4 18       		.uleb128 0x18
 818 00c5 9742     		.uleb128 0x2117
 819 00c7 19       		.uleb128 0x19
 820 00c8 01       		.uleb128 0x1
 821 00c9 13       		.uleb128 0x13
 822 00ca 00       		.byte	0
ARM GAS  C:\Users\keega\AppData\Local\Temp\ccY8mTaX.s 			page 21


 823 00cb 00       		.byte	0
 824 00cc 0F       		.uleb128 0xf
 825 00cd 0B       		.uleb128 0xb
 826 00ce 01       		.byte	0x1
 827 00cf 11       		.uleb128 0x11
 828 00d0 01       		.uleb128 0x1
 829 00d1 12       		.uleb128 0x12
 830 00d2 06       		.uleb128 0x6
 831 00d3 01       		.uleb128 0x1
 832 00d4 13       		.uleb128 0x13
 833 00d5 00       		.byte	0
 834 00d6 00       		.byte	0
 835 00d7 10       		.uleb128 0x10
 836 00d8 13       		.uleb128 0x13
 837 00d9 01       		.byte	0x1
 838 00da 0B       		.uleb128 0xb
 839 00db 0B       		.uleb128 0xb
 840 00dc 3A       		.uleb128 0x3a
 841 00dd 0B       		.uleb128 0xb
 842 00de 3B       		.uleb128 0x3b
 843 00df 0B       		.uleb128 0xb
 844 00e0 01       		.uleb128 0x1
 845 00e1 13       		.uleb128 0x13
 846 00e2 00       		.byte	0
 847 00e3 00       		.byte	0
 848 00e4 11       		.uleb128 0x11
 849 00e5 0D       		.uleb128 0xd
 850 00e6 00       		.byte	0
 851 00e7 03       		.uleb128 0x3
 852 00e8 0E       		.uleb128 0xe
 853 00e9 3A       		.uleb128 0x3a
 854 00ea 0B       		.uleb128 0xb
 855 00eb 3B       		.uleb128 0x3b
 856 00ec 0B       		.uleb128 0xb
 857 00ed 49       		.uleb128 0x49
 858 00ee 13       		.uleb128 0x13
 859 00ef 38       		.uleb128 0x38
 860 00f0 0B       		.uleb128 0xb
 861 00f1 00       		.byte	0
 862 00f2 00       		.byte	0
 863 00f3 12       		.uleb128 0x12
 864 00f4 01       		.uleb128 0x1
 865 00f5 01       		.byte	0x1
 866 00f6 49       		.uleb128 0x49
 867 00f7 13       		.uleb128 0x13
 868 00f8 01       		.uleb128 0x1
 869 00f9 13       		.uleb128 0x13
 870 00fa 00       		.byte	0
 871 00fb 00       		.byte	0
 872 00fc 13       		.uleb128 0x13
 873 00fd 21       		.uleb128 0x21
 874 00fe 00       		.byte	0
 875 00ff 49       		.uleb128 0x49
 876 0100 13       		.uleb128 0x13
 877 0101 2F       		.uleb128 0x2f
 878 0102 0B       		.uleb128 0xb
 879 0103 00       		.byte	0
ARM GAS  C:\Users\keega\AppData\Local\Temp\ccY8mTaX.s 			page 22


 880 0104 00       		.byte	0
 881 0105 14       		.uleb128 0x14
 882 0106 26       		.uleb128 0x26
 883 0107 00       		.byte	0
 884 0108 49       		.uleb128 0x49
 885 0109 13       		.uleb128 0x13
 886 010a 00       		.byte	0
 887 010b 00       		.byte	0
 888 010c 15       		.uleb128 0x15
 889 010d 34       		.uleb128 0x34
 890 010e 00       		.byte	0
 891 010f 03       		.uleb128 0x3
 892 0110 0E       		.uleb128 0xe
 893 0111 3A       		.uleb128 0x3a
 894 0112 0B       		.uleb128 0xb
 895 0113 3B       		.uleb128 0x3b
 896 0114 05       		.uleb128 0x5
 897 0115 49       		.uleb128 0x49
 898 0116 13       		.uleb128 0x13
 899 0117 02       		.uleb128 0x2
 900 0118 18       		.uleb128 0x18
 901 0119 00       		.byte	0
 902 011a 00       		.byte	0
 903 011b 16       		.uleb128 0x16
 904 011c 34       		.uleb128 0x34
 905 011d 00       		.byte	0
 906 011e 03       		.uleb128 0x3
 907 011f 08       		.uleb128 0x8
 908 0120 3A       		.uleb128 0x3a
 909 0121 0B       		.uleb128 0xb
 910 0122 3B       		.uleb128 0x3b
 911 0123 05       		.uleb128 0x5
 912 0124 49       		.uleb128 0x49
 913 0125 13       		.uleb128 0x13
 914 0126 02       		.uleb128 0x2
 915 0127 17       		.uleb128 0x17
 916 0128 00       		.byte	0
 917 0129 00       		.byte	0
 918 012a 17       		.uleb128 0x17
 919 012b 0B       		.uleb128 0xb
 920 012c 01       		.byte	0x1
 921 012d 11       		.uleb128 0x11
 922 012e 01       		.uleb128 0x1
 923 012f 12       		.uleb128 0x12
 924 0130 06       		.uleb128 0x6
 925 0131 00       		.byte	0
 926 0132 00       		.byte	0
 927 0133 18       		.uleb128 0x18
 928 0134 0F       		.uleb128 0xf
 929 0135 00       		.byte	0
 930 0136 0B       		.uleb128 0xb
 931 0137 0B       		.uleb128 0xb
 932 0138 49       		.uleb128 0x49
 933 0139 13       		.uleb128 0x13
 934 013a 00       		.byte	0
 935 013b 00       		.byte	0
 936 013c 19       		.uleb128 0x19
ARM GAS  C:\Users\keega\AppData\Local\Temp\ccY8mTaX.s 			page 23


 937 013d 898201   		.uleb128 0x4109
 938 0140 00       		.byte	0
 939 0141 11       		.uleb128 0x11
 940 0142 01       		.uleb128 0x1
 941 0143 31       		.uleb128 0x31
 942 0144 13       		.uleb128 0x13
 943 0145 00       		.byte	0
 944 0146 00       		.byte	0
 945 0147 1A       		.uleb128 0x1a
 946 0148 2E       		.uleb128 0x2e
 947 0149 00       		.byte	0
 948 014a 3F       		.uleb128 0x3f
 949 014b 19       		.uleb128 0x19
 950 014c 3C       		.uleb128 0x3c
 951 014d 19       		.uleb128 0x19
 952 014e 6E       		.uleb128 0x6e
 953 014f 0E       		.uleb128 0xe
 954 0150 03       		.uleb128 0x3
 955 0151 0E       		.uleb128 0xe
 956 0152 00       		.byte	0
 957 0153 00       		.byte	0
 958 0154 1B       		.uleb128 0x1b
 959 0155 2E       		.uleb128 0x2e
 960 0156 00       		.byte	0
 961 0157 3F       		.uleb128 0x3f
 962 0158 19       		.uleb128 0x19
 963 0159 3C       		.uleb128 0x3c
 964 015a 19       		.uleb128 0x19
 965 015b 6E       		.uleb128 0x6e
 966 015c 0E       		.uleb128 0xe
 967 015d 03       		.uleb128 0x3
 968 015e 0E       		.uleb128 0xe
 969 015f 3A       		.uleb128 0x3a
 970 0160 0B       		.uleb128 0xb
 971 0161 3B       		.uleb128 0x3b
 972 0162 0B       		.uleb128 0xb
 973 0163 00       		.byte	0
 974 0164 00       		.byte	0
 975 0165 00       		.byte	0
 976              		.section	.debug_loc,"",%progbits
 977              	.Ldebug_loc0:
 978              	.LLST0:
 979 0000 00000000 		.4byte	.LVL0
 980 0004 09000000 		.4byte	.LVL2-1
 981 0008 0100     		.2byte	0x1
 982 000a 50       		.byte	0x50
 983 000b 09000000 		.4byte	.LVL2-1
 984 000f 0C000000 		.4byte	.LFE1
 985 0013 0400     		.2byte	0x4
 986 0015 F3       		.byte	0xf3
 987 0016 01       		.uleb128 0x1
 988 0017 50       		.byte	0x50
 989 0018 9F       		.byte	0x9f
 990 0019 00000000 		.4byte	0
 991 001d 00000000 		.4byte	0
 992              	.LLST1:
 993 0021 00000000 		.4byte	.LVL0
ARM GAS  C:\Users\keega\AppData\Local\Temp\ccY8mTaX.s 			page 24


 994 0025 06000000 		.4byte	.LVL1
 995 0029 0100     		.2byte	0x1
 996 002b 51       		.byte	0x51
 997 002c 06000000 		.4byte	.LVL1
 998 0030 09000000 		.4byte	.LVL2-1
 999 0034 0100     		.2byte	0x1
 1000 0036 52       		.byte	0x52
 1001 0037 09000000 		.4byte	.LVL2-1
 1002 003b 0C000000 		.4byte	.LFE1
 1003 003f 0400     		.2byte	0x4
 1004 0041 F3       		.byte	0xf3
 1005 0042 01       		.uleb128 0x1
 1006 0043 51       		.byte	0x51
 1007 0044 9F       		.byte	0x9f
 1008 0045 00000000 		.4byte	0
 1009 0049 00000000 		.4byte	0
 1010              	.LLST2:
 1011 004d 80000000 		.4byte	.LVL6
 1012 0051 84000000 		.4byte	.LVL7
 1013 0055 0200     		.2byte	0x2
 1014 0057 30       		.byte	0x30
 1015 0058 9F       		.byte	0x9f
 1016 0059 84000000 		.4byte	.LVL7
 1017 005d A2000000 		.4byte	.LVL9
 1018 0061 0100     		.2byte	0x1
 1019 0063 54       		.byte	0x54
 1020 0064 A4000000 		.4byte	.LVL10
 1021 0068 EA000000 		.4byte	.LVL13
 1022 006c 0100     		.2byte	0x1
 1023 006e 54       		.byte	0x54
 1024 006f 00000000 		.4byte	0
 1025 0073 00000000 		.4byte	0
 1026              	.LLST3:
 1027 0077 84000000 		.4byte	.LVL7
 1028 007b A2000000 		.4byte	.LVL9
 1029 007f 0B00     		.2byte	0xb
 1030 0081 74       		.byte	0x74
 1031 0082 00       		.sleb128 0
 1032 0083 36       		.byte	0x36
 1033 0084 1E       		.byte	0x1e
 1034 0085 03       		.byte	0x3
 1035 0086 00000000 		.4byte	cfg_memset_list.4888
 1036 008a 22       		.byte	0x22
 1037 008b 9F       		.byte	0x9f
 1038 008c A2000000 		.4byte	.LVL9
 1039 0090 A4000000 		.4byte	.LVL10
 1040 0094 0B00     		.2byte	0xb
 1041 0096 74       		.byte	0x74
 1042 0097 7F       		.sleb128 -1
 1043 0098 36       		.byte	0x36
 1044 0099 1E       		.byte	0x1e
 1045 009a 03       		.byte	0x3
 1046 009b 00000000 		.4byte	cfg_memset_list.4888
 1047 009f 22       		.byte	0x22
 1048 00a0 9F       		.byte	0x9f
 1049 00a1 00000000 		.4byte	0
 1050 00a5 00000000 		.4byte	0
ARM GAS  C:\Users\keega\AppData\Local\Temp\ccY8mTaX.s 			page 25


 1051              		.section	.debug_aranges,"",%progbits
 1052 0000 34000000 		.4byte	0x34
 1053 0004 0200     		.2byte	0x2
 1054 0006 00000000 		.4byte	.Ldebug_info0
 1055 000a 04       		.byte	0x4
 1056 000b 00       		.byte	0
 1057 000c 0000     		.2byte	0
 1058 000e 0000     		.2byte	0
 1059 0010 00000000 		.4byte	.LFB5
 1060 0014 20000000 		.4byte	.LFE5-.LFB5
 1061 0018 00000000 		.4byte	.LFB1
 1062 001c 0C000000 		.4byte	.LFE1-.LFB1
 1063 0020 00000000 		.4byte	.LFB4
 1064 0024 7C000000 		.4byte	.LFE4-.LFB4
 1065 0028 7C000000 		.4byte	.LFB6
 1066 002c 94000000 		.4byte	.LFE6-.LFB6
 1067 0030 00000000 		.4byte	0
 1068 0034 00000000 		.4byte	0
 1069              		.section	.debug_ranges,"",%progbits
 1070              	.Ldebug_ranges0:
 1071 0000 00000000 		.4byte	.LFB5
 1072 0004 20000000 		.4byte	.LFE5
 1073 0008 00000000 		.4byte	.LFB1
 1074 000c 0C000000 		.4byte	.LFE1
 1075 0010 00000000 		.4byte	.LFB4
 1076 0014 7C000000 		.4byte	.LFE4
 1077 0018 7C000000 		.4byte	.LFB6
 1078 001c 10010000 		.4byte	.LFE6
 1079 0020 00000000 		.4byte	0
 1080 0024 00000000 		.4byte	0
 1081              		.section	.debug_line,"",%progbits
 1082              	.Ldebug_line0:
 1083 0000 42010000 		.section	.debug_str,"MS",%progbits,1
 1083      0200D600 
 1083      00000201 
 1083      FB0E0D00 
 1083      01010101 
 1084              	.LASF19:
 1085 0000 72656733 		.ascii	"reg32\000"
 1085      3200
 1086              	.LASF12:
 1087 0006 73697A65 		.ascii	"size_t\000"
 1087      5F7400
 1088              	.LASF32:
 1089 000d 416E616C 		.ascii	"AnalogSetDefault\000"
 1089      6F675365 
 1089      74446566 
 1089      61756C74 
 1089      00
 1090              	.LASF27:
 1091 001e 4379496E 		.ascii	"CyIntSetVector\000"
 1091      74536574 
 1091      56656374 
 1091      6F7200
 1092              	.LASF25:
 1093 002d 6366675F 		.ascii	"cfg_memset_list\000"
 1093      6D656D73 
ARM GAS  C:\Users\keega\AppData\Local\Temp\ccY8mTaX.s 			page 26


 1093      65745F6C 
 1093      69737400 
 1094              	.LASF21:
 1095 003d 436C6F63 		.ascii	"ClockSetup\000"
 1095      6B536574 
 1095      757000
 1096              	.LASF6:
 1097 0048 73686F72 		.ascii	"short unsigned int\000"
 1097      7420756E 
 1097      7369676E 
 1097      65642069 
 1097      6E7400
 1098              	.LASF31:
 1099 005b 433A5C64 		.ascii	"C:\\dev\\_git_projects\\Capstone-Rework\\Capstone-R"
 1099      65765C5F 
 1099      6769745F 
 1099      70726F6A 
 1099      65637473 
 1100 008a 65776F72 		.ascii	"ework_workspace\\Sensor_Cluster.cydsn\000"
 1100      6B5F776F 
 1100      726B7370 
 1100      6163655C 
 1100      53656E73 
 1101              	.LASF16:
 1102 00af 666C6F61 		.ascii	"float\000"
 1102      7400
 1103              	.LASF23:
 1104 00b5 73697A65 		.ascii	"size\000"
 1104      00
 1105              	.LASF18:
 1106 00ba 72656738 		.ascii	"reg8\000"
 1106      00
 1107              	.LASF8:
 1108 00bf 6C6F6E67 		.ascii	"long unsigned int\000"
 1108      20756E73 
 1108      69676E65 
 1108      6420696E 
 1108      7400
 1109              	.LASF13:
 1110 00d1 75696E74 		.ascii	"uint8\000"
 1110      3800
 1111              	.LASF20:
 1112 00d7 43594D45 		.ascii	"CYMEMZERO\000"
 1112      4D5A4552 
 1112      4F00
 1113              	.LASF4:
 1114 00e1 756E7369 		.ascii	"unsigned char\000"
 1114      676E6564 
 1114      20636861 
 1114      7200
 1115              	.LASF34:
 1116 00ef 6D656D73 		.ascii	"memset\000"
 1116      657400
 1117              	.LASF17:
 1118 00f6 646F7562 		.ascii	"double\000"
 1118      6C6500
 1119              	.LASF28:
ARM GAS  C:\Users\keega\AppData\Local\Temp\ccY8mTaX.s 			page 27


 1120 00fd 4379496E 		.ascii	"CyIntEnable\000"
 1120      74456E61 
 1120      626C6500 
 1121              	.LASF14:
 1122 0109 75696E74 		.ascii	"uint16\000"
 1122      313600
 1123              	.LASF15:
 1124 0110 75696E74 		.ascii	"uint32\000"
 1124      333200
 1125              	.LASF0:
 1126 0117 756E7369 		.ascii	"unsigned int\000"
 1126      676E6564 
 1126      20696E74 
 1126      00
 1127              	.LASF33:
 1128 0124 63796669 		.ascii	"cyfitter_cfg\000"
 1128      74746572 
 1128      5F636667 
 1128      00
 1129              	.LASF22:
 1130 0131 61646472 		.ascii	"address\000"
 1130      65737300 
 1131              	.LASF9:
 1132 0139 6C6F6E67 		.ascii	"long long unsigned int\000"
 1132      206C6F6E 
 1132      6720756E 
 1132      7369676E 
 1132      65642069 
 1133              	.LASF29:
 1134 0150 474E5520 		.ascii	"GNU C11 5.4.1 20160609 (release) [ARM/embedded-5-br"
 1134      43313120 
 1134      352E342E 
 1134      31203230 
 1134      31363036 
 1135 0183 616E6368 		.ascii	"anch revision 237715] -mcpu=cortex-m0 -mthumb -g -O"
 1135      20726576 
 1135      6973696F 
 1135      6E203233 
 1135      37373135 
 1136 01b6 67202D66 		.ascii	"g -ffunction-sections -ffat-lto-objects\000"
 1136      66756E63 
 1136      74696F6E 
 1136      2D736563 
 1136      74696F6E 
 1137              	.LASF24:
 1138 01de 6366675F 		.ascii	"cfg_memset_t\000"
 1138      6D656D73 
 1138      65745F74 
 1138      00
 1139              	.LASF10:
 1140 01eb 73697A65 		.ascii	"sizetype\000"
 1140      74797065 
 1140      00
 1141              	.LASF1:
 1142 01f4 6C6F6E67 		.ascii	"long long int\000"
 1142      206C6F6E 
 1142      6720696E 
ARM GAS  C:\Users\keega\AppData\Local\Temp\ccY8mTaX.s 			page 28


 1142      7400
 1143              	.LASF11:
 1144 0202 63686172 		.ascii	"char\000"
 1144      00
 1145              	.LASF5:
 1146 0207 73686F72 		.ascii	"short int\000"
 1146      7420696E 
 1146      7400
 1147              	.LASF26:
 1148 0211 43795379 		.ascii	"CySysClkWriteImoFreq\000"
 1148      73436C6B 
 1148      57726974 
 1148      65496D6F 
 1148      46726571 
 1149              	.LASF7:
 1150 0226 6C6F6E67 		.ascii	"long int\000"
 1150      20696E74 
 1150      00
 1151              	.LASF2:
 1152 022f 6C6F6E67 		.ascii	"long double\000"
 1152      20646F75 
 1152      626C6500 
 1153              	.LASF3:
 1154 023b 7369676E 		.ascii	"signed char\000"
 1154      65642063 
 1154      68617200 
 1155              	.LASF30:
 1156 0247 47656E65 		.ascii	"Generated_Source\\PSoC4\\cyfitter_cfg.c\000"
 1156      72617465 
 1156      645F536F 
 1156      75726365 
 1156      5C50536F 
 1157              		.ident	"GCC: (GNU Tools for ARM Embedded Processors) 5.4.1 20160609 (release) [ARM/embedded-5-bran
